
=== Loss: bce | device: cuda ===
Stage 1 (head only)
  ep1/5 train_loss=0.3141 val_loss=0.2105 (11.0s)
  ep2/5 train_loss=0.1855 val_loss=0.1551 (11.4s)
  ep3/5 train_loss=0.1318 val_loss=0.1221 (10.9s)
  ep4/5 train_loss=0.1039 val_loss=0.1035 (11.5s)
  ep5/5 train_loss=0.0871 val_loss=0.0940 (10.8s)
Stage 2 (full network)
  ep1/20 train_loss=0.0709 val_mAP=0.8996 best=0.8996 (29.5s)
  ep2/20 train_loss=0.0398 val_mAP=0.9101 best=0.9101 (29.4s)
  ep3/20 train_loss=0.0269 val_mAP=0.8961 best=0.9101 (30.0s)
  ep4/20 train_loss=0.0181 val_mAP=0.8997 best=0.9101 (30.3s)
  ep5/20 train_loss=0.0180 val_mAP=0.9010 best=0.9101 (31.4s)
  ep6/20 train_loss=0.0126 val_mAP=0.8864 best=0.9101 (31.9s)
  ep7/20 train_loss=0.0155 val_mAP=0.8961 best=0.9101 (31.8s)
  ep8/20 train_loss=0.0134 val_mAP=0.8817 best=0.9101 (31.3s)
  ep9/20 train_loss=0.0118 val_mAP=0.8842 best=0.9101 (29.7s)
  ep10/20 train_loss=0.0097 val_mAP=0.8903 best=0.9101 (29.6s)
  ep11/20 train_loss=0.0104 val_mAP=0.8950 best=0.9101 (29.5s)
  ep12/20 train_loss=0.0089 val_mAP=0.8965 best=0.9101 (30.6s)
  ep13/20 train_loss=0.0080 val_mAP=0.8988 best=0.9101 (29.7s)
  ep14/20 train_loss=0.0047 val_mAP=0.8962 best=0.9101 (30.6s)
  ep15/20 train_loss=0.0051 val_mAP=0.8965 best=0.9101 (30.7s)
  ep16/20 train_loss=0.0057 val_mAP=0.9120 best=0.9120 (31.1s)
  ep17/20 train_loss=0.0064 val_mAP=0.9047 best=0.9120 (31.0s)
  ep18/20 train_loss=0.0057 val_mAP=0.8961 best=0.9120 (30.5s)
  ep19/20 train_loss=0.0050 val_mAP=0.9017 best=0.9120 (30.3s)
  ep20/20 train_loss=0.0064 val_mAP=0.8792 best=0.9120 (29.7s)
Saved D:\BaiduNetdiskWorkspace\Leuven\8th\Computer Vision\assignment\Group2\kaggle_submission\plan\scripts\bce_baseline\results\per_class_ap_bce.csv

=== Loss: asymmetric | device: cuda ===
Stage 1 (head only)
  ep1/5 train_loss=0.0761 val_loss=0.0590 (10.8s)
  ep2/5 train_loss=0.0540 val_loss=0.0440 (10.8s)
  ep3/5 train_loss=0.0428 val_loss=0.0392 (11.2s)
  ep4/5 train_loss=0.0353 val_loss=0.0383 (10.2s)
  ep5/5 train_loss=0.0312 val_loss=0.0351 (10.4s)
Stage 2 (full network)
  ep1/20 train_loss=0.0285 val_mAP=0.8869 best=0.8869 (28.8s)
  ep2/20 train_loss=0.0181 val_mAP=0.9033 best=0.9033 (29.7s)
  ep3/20 train_loss=0.0148 val_mAP=0.9105 best=0.9105 (28.8s)
  ep4/20 train_loss=0.0118 val_mAP=0.9193 best=0.9193 (28.1s)
  ep5/20 train_loss=0.0095 val_mAP=0.9088 best=0.9193 (28.1s)
  ep6/20 train_loss=0.0091 val_mAP=0.9091 best=0.9193 (29.6s)
  ep7/20 train_loss=0.0076 val_mAP=0.9065 best=0.9193 (28.9s)
  ep8/20 train_loss=0.0059 val_mAP=0.8911 best=0.9193 (28.8s)
  ep9/20 train_loss=0.0050 val_mAP=0.8906 best=0.9193 (28.7s)
  ep10/20 train_loss=0.0053 val_mAP=0.8961 best=0.9193 (28.8s)
  ep11/20 train_loss=0.0049 val_mAP=0.8936 best=0.9193 (28.9s)
  ep12/20 train_loss=0.0054 val_mAP=0.8876 best=0.9193 (28.6s)
  ep13/20 train_loss=0.0055 val_mAP=0.8982 best=0.9193 (29.0s)
  ep14/20 train_loss=0.0028 val_mAP=0.9109 best=0.9193 (28.7s)
  ep15/20 train_loss=0.0040 val_mAP=0.8824 best=0.9193 (28.8s)
  ep16/20 train_loss=0.0042 val_mAP=0.8865 best=0.9193 (29.0s)
  ep17/20 train_loss=0.0049 val_mAP=0.8685 best=0.9193 (29.0s)
  ep18/20 train_loss=0.0039 val_mAP=0.8621 best=0.9193 (29.5s)
  ep19/20 train_loss=0.0041 val_mAP=0.8818 best=0.9193 (30.0s)
  ep20/20 train_loss=0.0024 val_mAP=0.8968 best=0.9193 (29.4s)
Saved D:\BaiduNetdiskWorkspace\Leuven\8th\Computer Vision\assignment\Group2\kaggle_submission\plan\scripts\bce_baseline\results\per_class_ap_asymmetric.csv

Summary: D:\BaiduNetdiskWorkspace\Leuven\8th\Computer Vision\assignment\Group2\kaggle_submission\plan\scripts\bce_baseline\results\ablation_summary.json
  bce: best_val_mAP = 0.9120
  asymmetric: best_val_mAP = 0.9193
